---
source: nac3core/src/toplevel/test.rs
expression: res_vec

---
[
    "12: Class {\nname: \"A\",\ndef_id: DefinitionId(12),\nancestors: [CustomClassKind { id: DefinitionId(12), params: [] }],\nfields: [],\nmethods: [],\ntype_vars: []\n}\n",
]
