---
source: nac3core/src/toplevel/test.rs
assertion_line: 541
expression: res_vec

---
[
    "Class {\nname: \"A\",\nancestors: [\"{class: A, params: [\\\"var5\\\", \\\"var6\\\"]}\"],\nfields: [\"a\", \"b\"],\nmethods: [(\"__init__\", \"fn[[a=A[5->float, 6->bool], b=B], none]\"), (\"fun\", \"fn[[a=A[5->float, 6->bool]], A[5->bool, 6->int32]]\")],\ntype_vars: [\"var5\", \"var6\"]\n}\n",
    "Function {\nname: \"A.__init__\",\nsig: \"fn[[a=A[5->float, 6->bool], b=B], none]\",\nvar_id: [6]\n}\n",
    "Function {\nname: \"A.fun\",\nsig: \"fn[[a=A[5->float, 6->bool]], A[5->bool, 6->int32]]\",\nvar_id: [6]\n}\n",
    "Class {\nname: \"B\",\nancestors: [\"{class: B, params: []}\", \"{class: A, params: [\\\"int64\\\", \\\"bool\\\"]}\"],\nfields: [\"a\", \"b\"],\nmethods: [(\"__init__\", \"fn[[], none]\"), (\"fun\", \"fn[[a=A[5->float, 6->bool]], A[5->bool, 6->int32]]\"), (\"foo\", \"fn[[b=B], B]\"), (\"bar\", \"fn[[a=A[5->list[B], 6->int32]], tuple[A[5->virtual[A[5->B, 6->int32]], 6->bool], B]]\")],\ntype_vars: []\n}\n",
    "Function {\nname: \"B.__init__\",\nsig: \"fn[[], none]\",\nvar_id: []\n}\n",
    "Function {\nname: \"B.foo\",\nsig: \"fn[[b=B], B]\",\nvar_id: []\n}\n",
    "Function {\nname: \"B.bar\",\nsig: \"fn[[a=A[5->list[B], 6->int32]], tuple[A[5->virtual[A[5->B, 6->int32]], 6->bool], B]]\",\nvar_id: []\n}\n",
]
