---
source: nac3parser/src/parser.rs
assertion_line: 111
expression: parse_ast

---
[
    Located {
        location: Location {
            row: 1,
            column: 1,
            file: FileName(
                "unknown",
            ),
        },
        custom: (),
        node: Expr {
            value: Located {
                location: Location {
                    row: 1,
                    column: 8,
                    file: FileName(
                        "unknown",
                    ),
                },
                custom: (),
                node: Call {
                    func: Located {
                        location: Location {
                            row: 1,
                            column: 1,
                            file: FileName(
                                "unknown",
                            ),
                        },
                        custom: (),
                        node: Name {
                            id: "my_func",
                            ctx: Load,
                        },
                    },
                    args: [
                        Located {
                            location: Location {
                                row: 1,
                                column: 10,
                                file: FileName(
                                    "unknown",
                                ),
                            },
                            custom: (),
                            node: Constant {
                                value: Str(
                                    "positional",
                                ),
                                kind: None,
                            },
                        },
                    ],
                    keywords: [
                        Located {
                            location: Location {
                                row: 1,
                                column: 23,
                                file: FileName(
                                    "unknown",
                                ),
                            },
                            custom: (),
                            node: KeywordData {
                                arg: Some(
                                    "keyword",
                                ),
                                value: Located {
                                    location: Location {
                                        row: 1,
                                        column: 31,
                                        file: FileName(
                                            "unknown",
                                        ),
                                    },
                                    custom: (),
                                    node: Constant {
                                        value: Int(
                                            2,
                                        ),
                                        kind: None,
                                    },
                                },
                            },
                        },
                    ],
                },
            },
            config_comment: [],
        },
    },
]
