---
source: nac3parser/src/parser.rs
assertion_line: 90
expression: parse_ast

---
[]
