---
source: nac3parser/src/parser.rs
assertion_line: 97
expression: parse_ast

---
[
    Located {
        location: Location {
            row: 1,
            column: 1,
            file: FileName(
                "unknown",
            ),
        },
        custom: (),
        node: Expr {
            value: Located {
                location: Location {
                    row: 1,
                    column: 6,
                    file: FileName(
                        "unknown",
                    ),
                },
                custom: (),
                node: Call {
                    func: Located {
                        location: Location {
                            row: 1,
                            column: 1,
                            file: FileName(
                                "unknown",
                            ),
                        },
                        custom: (),
                        node: Name {
                            id: "print",
                            ctx: Load,
                        },
                    },
                    args: [
                        Located {
                            location: Location {
                                row: 1,
                                column: 8,
                                file: FileName(
                                    "unknown",
                                ),
                            },
                            custom: (),
                            node: Constant {
                                value: Str(
                                    "Hello world",
                                ),
                                kind: None,
                            },
                        },
                    ],
                    keywords: [],
                },
            },
            config_comment: [],
        },
    },
]
